// Jest Snapshot v1, https://goo.gl/fbAQLP

exports[`Rendering basic demo screen renders correctly 1`] = `
<View
  accessibilityIgnoresInvertColors={true}
  style={
    Object {
      "backgroundColor": "rgba(0,0,0,0.6)",
      "height": 1334,
      "width": 750,
    }
  }
>
  <Image
    source={
      Object {
        "testUri": "../../../assets/images/RegistrationScreen/drawable-hdpi/RegistrationScreen-Background.png",
      }
    }
    style={
      Array [
        Object {
          "bottom": 0,
          "left": 0,
          "position": "absolute",
          "right": 0,
          "top": 0,
        },
        Object {
          "height": 1334,
          "width": 750,
        },
        undefined,
      ]
    }
  />
  <View
    style={
      Object {
        "alignItems": "center",
        "flex": 1,
      }
    }
  >
    <View
      style={
        Object {
          "marginBottom": 40,
          "width": 280,
        }
      }
    >
      <View
        style={
          Object {
            "alignItems": "center",
            "marginBottom": 55,
            "marginTop": 80,
          }
        }
      >
        <Text
          style={
            Object {
              "color": "#F2D74E",
              "fontFamily": "JosefinSans-Regular",
              "fontSize": 26,
            }
          }
        >
          Sign Up
        </Text>
      </View>
      <View
        style={
          Object {
            "marginBottom": 25,
          }
        }
      >
        <Text
          style={
            Object {
              "color": "#F2D74E",
              "fontFamily": "JosefinSans-Light",
              "fontSize": 14,
            }
          }
        >
          E-mail:
        </Text>
        <View
          style={
            Object {
              "paddingLeft": 5,
            }
          }
        >
          <TextInput
            allowFontScaling={true}
            autoCompleteType="email"
            keyboardType="email-address"
            onChangeText={[Function]}
            placeholder="example@123.com"
            placeholderTextColor="#a69d83"
            rejectResponderTermination={true}
            style={
              Object {
                "color": "#F2D74E",
                "fontFamily": "JosefinSans-Regular",
                "fontSize": 18,
              }
            }
            underlineColorAndroid="#F1E5C2"
            value=""
          />
        </View>
      </View>
      <View
        style={
          Object {
            "marginBottom": 25,
          }
        }
      >
        <Text
          style={
            Object {
              "color": "#F2D74E",
              "fontFamily": "JosefinSans-Light",
              "fontSize": 14,
            }
          }
        >
          Password:
        </Text>
        <View
          style={
            Object {
              "paddingLeft": 5,
            }
          }
        >
          <TextInput
            allowFontScaling={true}
            keyboardType="default"
            onChangeText={[Function]}
            rejectResponderTermination={true}
            secureTextEntry={true}
            style={
              Object {
                "color": "#F2D74E",
                "fontFamily": "JosefinSans-Regular",
                "fontSize": 18,
              }
            }
            underlineColorAndroid="#F1E5C2"
            value=""
          />
        </View>
      </View>
      <View>
        <Text
          style={
            Object {
              "color": "#F2D74E",
              "fontFamily": "JosefinSans-Light",
              "fontSize": 14,
            }
          }
        >
          Re-enter Password:
        </Text>
        <View
          style={
            Object {
              "paddingLeft": 5,
            }
          }
        >
          <TextInput
            allowFontScaling={true}
            keyboardType="default"
            onChangeText={[Function]}
            rejectResponderTermination={true}
            secureTextEntry={true}
            style={
              Object {
                "color": "#F2D74E",
                "fontFamily": "JosefinSans-Regular",
                "fontSize": 18,
              }
            }
            underlineColorAndroid="#F1E5C2"
            value=""
          />
        </View>
      </View>
    </View>
    <View>
      <View
        accessible={true}
        focusable={true}
        onClick={[Function]}
        onResponderGrant={[Function]}
        onResponderMove={[Function]}
        onResponderRelease={[Function]}
        onResponderTerminate={[Function]}
        onResponderTerminationRequest={[Function]}
        onStartShouldSetResponder={[Function]}
        style={
          Object {
            "opacity": 1,
          }
        }
      >
        <Text
          style={
            Array [
              Object {
                "color": "#F2D74E",
                "fontFamily": "JosefinSans-Regular",
                "fontSize": 18,
              },
              Object {
                "borderBottomColor": "#F1E5C2",
                "borderBottomWidth": 1,
                "fontFamily": "JosefinSans-SemiBold",
                "fontSize": 20,
              },
            ]
          }
        >
          NEXT
        </Text>
      </View>
    </View>
  </View>
</View>
`;
