// Jest Snapshot v1, https://goo.gl/fbAQLP

exports[`Rendering basic demo screen renders correctly 1`] = `
<View
  accessibilityIgnoresInvertColors={true}
  style={
    Object {
      "backgroundColor": "rgba(0,0,0,0.6)",
      "height": 1334,
      "width": 750,
    }
  }
>
  <Image
    source={
      Object {
        "testUri": "../../../assets/images/RegistrationScreen/drawable-hdpi/RegistrationScreen-Background.png",
      }
    }
    style={
      Array [
        Object {
          "bottom": 0,
          "left": 0,
          "position": "absolute",
          "right": 0,
          "top": 0,
        },
        Object {
          "height": 1334,
          "width": 750,
        },
        undefined,
      ]
    }
  />
  <View
    style={
      Object {
        "alignItems": "center",
      }
    }
  >
    <View
      style={
        Object {
          "marginBottom": 10,
          "width": 280,
        }
      }
    >
      <View
        style={
          Object {
            "alignItems": "center",
            "marginBottom": 55,
            "marginTop": 80,
          }
        }
      >
        <Text
          style={
            Object {
              "color": "#F2D74E",
              "fontFamily": "JosefinSans-Regular",
              "fontSize": 26,
            }
          }
        >
          Log In
        </Text>
      </View>
      <View
        style={
          Object {
            "marginBottom": 25,
          }
        }
      >
        <Text
          style={
            Object {
              "color": "#F2D74E",
              "fontFamily": "JosefinSans-Light",
              "fontSize": 14,
            }
          }
        >
          E-mail:
        </Text>
        <View
          style={
            Object {
              "paddingLeft": 5,
            }
          }
        >
          <TextInput
            allowFontScaling={true}
            autoCompleteType="email"
            keyboardType="email-address"
            onChangeText={[Function]}
            placeholder=" example@123.com"
            placeholderTextColor="#a69d83"
            rejectResponderTermination={true}
            style={
              Object {
                "color": "#F1E5C2",
                "fontFamily": "JosefinSans-Regular",
                "fontSize": 18,
              }
            }
            underlineColorAndroid="#F1E5C2"
            value=""
          />
        </View>
      </View>
      <View
        style={
          Object {
            "marginBottom": 25,
          }
        }
      >
        <Text
          style={
            Object {
              "color": "#F2D74E",
              "fontFamily": "JosefinSans-Light",
              "fontSize": 14,
            }
          }
        >
          Password:
        </Text>
        <View
          style={
            Object {
              "paddingLeft": 5,
            }
          }
        >
          <TextInput
            allowFontScaling={true}
            keyboardType="default"
            onChangeText={[Function]}
            placeholderTextColor="#F1E5C2"
            rejectResponderTermination={true}
            secureTextEntry={true}
            style={
              Object {
                "color": "#F1E5C2",
                "fontFamily": "JosefinSans-Regular",
                "fontSize": 18,
              }
            }
            underlineColorAndroid="#F1E5C2"
            value=""
          />
        </View>
      </View>
    </View>
  </View>
  <View
    style={
      Object {
        "paddingHorizontal": 60,
      }
    }
  >
    <View
      accessible={true}
      focusable={false}
      onClick={[Function]}
      onResponderGrant={[Function]}
      onResponderMove={[Function]}
      onResponderRelease={[Function]}
      onResponderTerminate={[Function]}
      onResponderTerminationRequest={[Function]}
      onStartShouldSetResponder={[Function]}
      style={
        Object {
          "alignItems": "flex-end",
          "justifyContent": "flex-end",
          "opacity": 1,
        }
      }
    >
      <Text
        style={
          Object {
            "color": "#F1E5C2",
            "fontFamily": "JosefinSans-Light",
            "fontSize": 12,
          }
        }
      >
        Forgot Password?
      </Text>
    </View>
    <View
      style={
        Object {
          "alignItems": "center",
          "flexDirection": "row",
          "marginBottom": 10,
        }
      }
    >
      <RNCCheckbox
        disabled={false}
        forwardedRef={null}
        onValueChange={[Function]}
        style={
          Array [
            Object {
              "backgroundColor": "transparent",
              "height": 32,
              "width": 32,
            },
            undefined,
          ]
        }
        tintColors={
          Object {
            "false": "#F2D74E",
            "true": "#F1E5C2",
          }
        }
        value={false}
      />
      <Text
        style={
          Object {
            "color": "#F1E5C2",
            "fontFamily": "JosefinSans-Light",
            "fontSize": 12,
          }
        }
      >
        Remember me
      </Text>
    </View>
    <View
      accessible={true}
      focusable={true}
      onClick={[Function]}
      onResponderGrant={[Function]}
      onResponderMove={[Function]}
      onResponderRelease={[Function]}
      onResponderTerminate={[Function]}
      onResponderTerminationRequest={[Function]}
      onStartShouldSetResponder={[Function]}
      style={
        Object {
          "alignItems": "center",
          "opacity": 1,
        }
      }
    >
      <Text
        style={
          Array [
            Object {
              "color": "#F1E5C2",
              "fontFamily": "JosefinSans-Regular",
              "fontSize": 18,
            },
            Object {
              "borderBottomColor": "#F1E5C2",
              "borderBottomWidth": 1,
              "color": "#F2D74E",
              "fontFamily": "JosefinSans-SemiBold",
              "fontSize": 20,
            },
          ]
        }
      >
        NEXT
      </Text>
    </View>
  </View>
</View>
`;
