// Jest Snapshot v1, https://goo.gl/fbAQLP

exports[`Rendering basic demo screen renders correctly 1`] = `
<View
  accessibilityIgnoresInvertColors={true}
  style={
    Object {
      "backgroundColor": "rgba(0,0,0,0.6)",
      "height": 1334,
      "width": 750,
    }
  }
>
  <Image
    source={
      Object {
        "testUri": "../../../assets/images/LoginScreen/loginScreen-background.png",
      }
    }
    style={
      Array [
        Object {
          "bottom": 0,
          "left": 0,
          "position": "absolute",
          "right": 0,
          "top": 0,
        },
        Object {
          "height": 1334,
          "width": 750,
        },
        undefined,
      ]
    }
  />
  <View
    style={
      Object {
        "alignItems": "center",
      }
    }
  >
    <Text
      style={
        Object {
          "color": "#F2E6C2",
          "fontFamily": "JosefinSans-Medium",
          "fontSize": 34,
          "marginBottom": 60,
          "paddingTop": 60,
        }
      }
    >
      Kitchen awaits you!!
    </Text>
    <View
      style={
        Object {
          "alignItems": "center",
          "marginBottom": 30,
        }
      }
    >
      <Text
        style={
          Object {
            "color": "#F2E6C2",
            "fontFamily": "JosefinSans-Light",
            "fontSize": 18,
          }
        }
      >
        To get a personalized experience, 
      </Text>
      <Text
        style={
          Object {
            "color": "#F2E6C2",
            "fontFamily": "JosefinSans-Light",
            "fontSize": 18,
          }
        }
      >
        please sign in with:
      </Text>
    </View>
    <View
      style={
        Object {
          "flexDirection": "row",
          "marginBottom": 50,
          "width": 230,
        }
      }
    >
      <View
        style={
          Object {
            "alignItems": "center",
            "flex": 1,
          }
        }
      >
        <View
          style={
            Object {
              "shadowColor": "#000",
              "shadowOffset": Object {
                "height": 2,
                "width": 0,
              },
              "shadowOpacity": 0.8,
              "shadowRadius": 5,
            }
          }
        >
          <Image
            source={
              Object {
                "testUri": "../../../assets/images/LoginScreen/facebook-logo.png",
              }
            }
            style={
              Object {
                "height": 60,
                "width": 60,
              }
            }
          />
        </View>
        <Text
          style={
            Object {
              "color": "#F2E6C2",
              "fontFamily": "JosefinSans-Light",
              "fontSize": 10,
            }
          }
        >
          Facebook
        </Text>
      </View>
      <View
        style={
          Object {
            "alignItems": "center",
            "flex": 1,
          }
        }
      >
        <View
          style={
            Object {
              "shadowColor": "#000",
              "shadowOffset": Object {
                "height": 2,
                "width": 0,
              },
              "shadowOpacity": 0.8,
              "shadowRadius": 5,
            }
          }
        >
          <Image
            source={
              Object {
                "testUri": "../../../assets/images/LoginScreen/google-logo.png",
              }
            }
            style={
              Object {
                "height": 60,
                "width": 60,
              }
            }
          />
        </View>
        <Text
          style={
            Object {
              "color": "#F2E6C2",
              "fontFamily": "JosefinSans-Light",
              "fontSize": 10,
            }
          }
        >
          Google
        </Text>
      </View>
      <View
        style={
          Object {
            "alignItems": "center",
            "flex": 1,
          }
        }
      >
        <View
          style={
            Object {
              "shadowColor": "#000",
              "shadowOffset": Object {
                "height": 2,
                "width": 0,
              },
              "shadowOpacity": 0.8,
              "shadowRadius": 5,
            }
          }
        >
          <Image
            source={
              Object {
                "testUri": "../../../assets/images/LoginScreen/email-logo.png",
              }
            }
            style={
              Object {
                "height": 60,
                "width": 60,
              }
            }
          />
        </View>
        <Text
          style={
            Object {
              "color": "#F2E6C2",
              "fontFamily": "JosefinSans-Light",
              "fontSize": 10,
            }
          }
        >
          Email
        </Text>
      </View>
    </View>
    <View
      style={
        Object {
          "alignItems": "center",
        }
      }
    >
      <Text
        style={
          Object {
            "color": "#F2E6C2",
            "fontFamily": "JosefinSans-Light",
            "fontSize": 10,
          }
        }
      >
        By continuing, you accept our
      </Text>
      <View
        style={
          Object {
            "flexDirection": "row",
          }
        }
      >
        <Text
          style={
            Object {
              "color": "#F2E6C2",
              "fontFamily": "JosefinSans-Light",
              "fontSize": 10,
              "fontWeight": "bold",
              "textDecorationLine": "underline",
            }
          }
        >
          Privacy Notices
        </Text>
        <Text
          style={
            Object {
              "color": "#F2E6C2",
              "fontFamily": "JosefinSans-Light",
              "fontSize": 10,
            }
          }
        >
           and 
        </Text>
        <Text
          style={
            Object {
              "color": "#F2E6C2",
              "fontFamily": "JosefinSans-Light",
              "fontSize": 10,
              "fontWeight": "bold",
              "textDecorationLine": "underline",
            }
          }
        >
          Terms of Use
        </Text>
      </View>
    </View>
  </View>
</View>
`;
